[INFO] Scanning for projects...
[INFO] 
[INFO] ---------------------< com.eap09:reservas-backend >---------------------
[INFO] Building reservas-backend 0.0.1-SNAPSHOT
[INFO]   from pom.xml
[INFO] --------------------------------[ jar ]---------------------------------
[INFO] 
[INFO] --- clean:3.3.2:clean (default-clean) @ reservas-backend ---
[INFO] Deleting C:\Users\spala\Desktop\UDEA\2026-1\ARQUITECTURA DE SOFTWARE\FABRICA\EAP09-Caso15-ReservasServicios-2026-1\target
[INFO] 
[INFO] --- resources:3.3.1:resources (default-resources) @ reservas-backend ---
[INFO] Copying 2 resources from src\main\resources to target\classes
[INFO] Copying 3 resources from src\main\resources to target\classes
[INFO] 
[INFO] --- compiler:3.13.0:compile (default-compile) @ reservas-backend ---
[INFO] Recompiling the module because of changed source code.
[INFO] Compiling 125 source files with javac [debug parameters release 21] to target\classes
[INFO] Annotation processing is enabled because one or more processors were found
  on the class path. A future release of javac may disable annotation processing
  unless at least one processor is specified by name (-processor), or a search
  path is specified (--processor-path, --processor-module-path), or annotation
  processing is enabled explicitly (-proc:only, -proc:full).
  Use -Xlint:-options to suppress this message.
  Use -proc:none to disable annotation processing.
[INFO] 
[INFO] --- resources:3.3.1:testResources (default-testResources) @ reservas-backend ---
[INFO] Copying 1 resource from src\test\resources to target\test-classes
[INFO] 
[INFO] --- compiler:3.13.0:testCompile (default-testCompile) @ reservas-backend ---
[INFO] Recompiling the module because of changed dependency.
[INFO] Compiling 37 source files with javac [debug parameters release 21] to target\test-classes
[INFO] Annotation processing is enabled because one or more processors were found
  on the class path. A future release of javac may disable annotation processing
  unless at least one processor is specified by name (-processor), or a search
  path is specified (--processor-path, --processor-module-path), or annotation
  processing is enabled explicitly (-proc:only, -proc:full).
  Use -Xlint:-options to suppress this message.
  Use -proc:none to disable annotation processing.
[INFO] -------------------------------------------------------------
[ERROR] COMPILATION ERROR : 
[INFO] -------------------------------------------------------------
[ERROR] /C:/Users/spala/Desktop/UDEA/2026-1/ARQUITECTURA DE SOFTWARE/FABRICA/EAP09-Caso15-ReservasServicios-2026-1/src/test/java/com/eap09/reservas/provideroffer/api/ServiceStatusControllerTest.java:[24,42] cannot find symbol
  symbol:   class MockBean
  location: package org.springframework.boot.test.mock
[ERROR] /C:/Users/spala/Desktop/UDEA/2026-1/ARQUITECTURA DE SOFTWARE/FABRICA/EAP09-Caso15-ReservasServicios-2026-1/src/test/java/com/eap09/reservas/provideroffer/api/ServiceStatusControllerTest.java:[46,6] cannot find symbol
  symbol:   class MockBean
  location: class com.eap09.reservas.provideroffer.api.ServiceStatusControllerTest
[INFO] 2 errors 
[INFO] -------------------------------------------------------------
[INFO] ------------------------------------------------------------------------
[INFO] BUILD FAILURE
[INFO] ------------------------------------------------------------------------
[INFO] Total time:  17.877 s
[INFO] Finished at: 2026-04-27T23:17:39-05:00
[INFO] ------------------------------------------------------------------------
[ERROR] Failed to execute goal org.apache.maven.plugins:maven-compiler-plugin:3.13.0:testCompile (default-testCompile) on project reservas-backend: Compilation failure: Compilation failure: 
[ERROR] /C:/Users/spala/Desktop/UDEA/2026-1/ARQUITECTURA DE SOFTWARE/FABRICA/EAP09-Caso15-ReservasServicios-2026-1/src/test/java/com/eap09/reservas/provideroffer/api/ServiceStatusControllerTest.java:[24,42] cannot find symbol
[ERROR]   symbol:   class MockBean
[ERROR]   location: package org.springframework.boot.test.mock
[ERROR] /C:/Users/spala/Desktop/UDEA/2026-1/ARQUITECTURA DE SOFTWARE/FABRICA/EAP09-Caso15-ReservasServicios-2026-1/src/test/java/com/eap09/reservas/provideroffer/api/ServiceStatusControllerTest.java:[46,6] cannot find symbol
[ERROR]   symbol:   class MockBean
[ERROR]   location: class com.eap09.reservas.provideroffer.api.ServiceStatusControllerTest
[ERROR] -> [Help 1]
[ERROR] 
[ERROR] To see the full stack trace of the errors, re-run Maven with the -e switch.
[ERROR] Re-run Maven using the -X switch to enable full debug logging.
[ERROR] 
[ERROR] For more information about the errors and possible solutions, please read the following articles:
[ERROR] [Help 1] http://cwiki.apache.org/confluence/display/MAVEN/MojoFailureException
